0,0,0,0,0,0,0,0.707,0,0,0,0,0,0,0,-0.707
---
c[0]=1,c[1]=1,c[2]=1
---
0
