0,0,1,0
---
c[0] = 1,c[1] = 1,c[2]=0,c[3]=0
---
0
